// Jest Snapshot v1, https://goo.gl/fbAQLP

exports[`ProductPage should match snapshot 1`] = `
Object {
  "asFragment": [Function],
  "baseElement": .c0 {
  width: 75vw;
  margin: 0 auto;
  padding: 0 1.5rem;
  box-sizing: content-box;
}

.c1 {
  display: -webkit-box;
  display: -webkit-flex;
  display: -ms-flexbox;
  display: flex;
  margin-top: 25vh;
  -webkit-flex-direction: column;
  -ms-flex-direction: column;
  flex-direction: column;
  -webkit-box-pack: center;
  -webkit-justify-content: center;
  -ms-flex-pack: center;
  justify-content: center;
  min-height: 320px;
}

.c4 {
  padding: 1em;
}

.c3 {
  max-height: 240px;
  max-width: 300px;
}

.c2 {
  margin-left: 10%;
  width: 70vw;
  padding: 3em;
}

@media (max-width:700px) {
  .c0 {
    width: 90vw;
  }
}

@media (max-width:800px) {
  .c3 {
    max-height: 160px;
    max-width: 130px;
  }
}

<body>
    <div>
      <div
        class="c0"
      >
        <main
          class="c1"
        >
          <div
            class="MuiPaper-root c2 MuiPaper-elevation1 MuiPaper-rounded"
          >
            <div
              class="MuiGrid-root MuiGrid-container MuiGrid-spacing-xs-8"
            >
              <div
                class="MuiGrid-root MuiGrid-item MuiGrid-grid-xs-4"
              >
                <img
                  class="c3"
                />
              </div>
              <div
                class="MuiGrid-root MuiGrid-item MuiGrid-grid-xs-8 MuiGrid-grid-md-6"
              >
                <div
                  class="c4"
                >
                  <h6
                    class="MuiTypography-root MuiTypography-h6 MuiTypography-gutterBottom"
                  />
                  <h6
                    class="MuiTypography-root MuiTypography-subtitle1 MuiTypography-gutterBottom"
                  >
                    €NaN
                  </h6>
                </div>
              </div>
              <div
                class="MuiGrid-root MuiGrid-item MuiGrid-grid-xs-8"
              >
                <h6
                  class="MuiTypography-root MuiTypography-subtitle2 MuiTypography-gutterBottom"
                >
                  product.description
                </h6>
                <h6
                  class="MuiTypography-root MuiTypography-subtitle2"
                />
              </div>
            </div>
          </div>
        </main>
      </div>
    </div>
  </body>,
  "container": <div>
    <div
      class="PageWrapper-sc-13dr2o1-0 pBcEs"
    >
      <main
        class="sc-AxjAm gdsAWt"
      >
        <div
          class="MuiPaper-root sc-AxhCb fCehYN MuiPaper-elevation1 MuiPaper-rounded"
        >
          <div
            class="MuiGrid-root MuiGrid-container MuiGrid-spacing-xs-8"
          >
            <div
              class="MuiGrid-root MuiGrid-item MuiGrid-grid-xs-4"
            >
              <img
                class="sc-AxiKw hJSCTo"
              />
            </div>
            <div
              class="MuiGrid-root MuiGrid-item MuiGrid-grid-xs-8 MuiGrid-grid-md-6"
            >
              <div
                class="sc-AxirZ bcWlmz"
              >
                <h6
                  class="MuiTypography-root MuiTypography-h6 MuiTypography-gutterBottom"
                />
                <h6
                  class="MuiTypography-root MuiTypography-subtitle1 MuiTypography-gutterBottom"
                >
                  €NaN
                </h6>
              </div>
            </div>
            <div
              class="MuiGrid-root MuiGrid-item MuiGrid-grid-xs-8"
            >
              <h6
                class="MuiTypography-root MuiTypography-subtitle2 MuiTypography-gutterBottom"
              >
                product.description
              </h6>
              <h6
                class="MuiTypography-root MuiTypography-subtitle2"
              />
            </div>
          </div>
        </div>
      </main>
    </div>
  </div>,
  "debug": [Function],
  "findAllByAltText": [Function],
  "findAllByDisplayValue": [Function],
  "findAllByLabelText": [Function],
  "findAllByPlaceholderText": [Function],
  "findAllByRole": [Function],
  "findAllByTestId": [Function],
  "findAllByText": [Function],
  "findAllByTitle": [Function],
  "findByAltText": [Function],
  "findByDisplayValue": [Function],
  "findByLabelText": [Function],
  "findByPlaceholderText": [Function],
  "findByRole": [Function],
  "findByTestId": [Function],
  "findByText": [Function],
  "findByTitle": [Function],
  "getAllByAltText": [Function],
  "getAllByDisplayValue": [Function],
  "getAllByLabelText": [Function],
  "getAllByPlaceholderText": [Function],
  "getAllByRole": [Function],
  "getAllByTestId": [Function],
  "getAllByText": [Function],
  "getAllByTitle": [Function],
  "getByAltText": [Function],
  "getByDisplayValue": [Function],
  "getByLabelText": [Function],
  "getByPlaceholderText": [Function],
  "getByRole": [Function],
  "getByTestId": [Function],
  "getByText": [Function],
  "getByTitle": [Function],
  "queryAllByAltText": [Function],
  "queryAllByDisplayValue": [Function],
  "queryAllByLabelText": [Function],
  "queryAllByPlaceholderText": [Function],
  "queryAllByRole": [Function],
  "queryAllByTestId": [Function],
  "queryAllByText": [Function],
  "queryAllByTitle": [Function],
  "queryByAltText": [Function],
  "queryByDisplayValue": [Function],
  "queryByLabelText": [Function],
  "queryByPlaceholderText": [Function],
  "queryByRole": [Function],
  "queryByTestId": [Function],
  "queryByText": [Function],
  "queryByTitle": [Function],
  "rerender": [Function],
  "unmount": [Function],
}
`;
